1:1 warning implicit-private 'cnt' is implicitly PRIVATE. Explicitly declare it LOCAL or PRIVATE
5:1 warning implicit-private 'oButton' is implicitly PRIVATE. Explicitly declare it LOCAL or PRIVATE
10:1 warning implicit-private 'i' is implicitly PRIVATE. Explicitly declare it LOCAL or PRIVATE
30:2 warning implicit-private 'j' is implicitly PRIVATE. Explicitly declare it LOCAL or PRIVATE
