22:1 warning select-without-into This query has nowhere to put its result, so VFP sends the whole result set to a Browse window at run time. Add INTO CURSOR, INTO TABLE, INTO ARRAY, or TO FILE.
25:1 warning select-without-into This query has nowhere to put its result, so VFP sends the whole result set to a Browse window at run time. Add INTO CURSOR, INTO TABLE, INTO ARRAY, or TO FILE.
31:1 warning select-without-into This query has nowhere to put its result, so VFP sends the whole result set to a Browse window at run time. Add INTO CURSOR, INTO TABLE, INTO ARRAY, or TO FILE.
39:1 warning select-without-into This query has nowhere to put its result, so VFP sends the whole result set to a Browse window at run time. Add INTO CURSOR, INTO TABLE, INTO ARRAY, or TO FILE.
44:1 warning select-without-into This query has nowhere to put its result, so VFP sends the whole result set to a Browse window at run time. Add INTO CURSOR, INTO TABLE, INTO ARRAY, or TO FILE.
48:1 warning select-without-into This query has nowhere to put its result, so VFP sends the whole result set to a Browse window at run time. Add INTO CURSOR, INTO TABLE, INTO ARRAY, or TO FILE.
49:1 warning select-without-into This query has nowhere to put its result, so VFP sends the whole result set to a Browse window at run time. Add INTO CURSOR, INTO TABLE, INTO ARRAY, or TO FILE.
55:1 warning select-without-into This query has nowhere to put its result, so VFP sends the whole result set to a Browse window at run time. Add INTO CURSOR, INTO TABLE, INTO ARRAY, or TO FILE.
