1:1 warning implicit-private 'a' is implicitly PRIVATE. Explicitly declare it LOCAL or PRIVATE
5:1 warning implicit-private 'b' is implicitly PRIVATE. Explicitly declare it LOCAL or PRIVATE
11:1 warning implicit-private 'c' is implicitly PRIVATE. Explicitly declare it LOCAL or PRIVATE
12:1 warning implicit-private 'd' is implicitly PRIVATE. Explicitly declare it LOCAL or PRIVATE
13:1 warning implicit-private 'TotalCount' is implicitly PRIVATE. Explicitly declare it LOCAL or PRIVATE
21:1 warning implicit-private 'GroupCondition' is implicitly PRIVATE. Explicitly declare it LOCAL or PRIVATE
22:1 warning select-without-into This query has nowhere to put its result, so VFP sends the whole result set to a Browse window at run time. Add INTO CURSOR, INTO TABLE, INTO ARRAY, or TO FILE.
25:1 warning select-without-into This query has nowhere to put its result, so VFP sends the whole result set to a Browse window at run time. Add INTO CURSOR, INTO TABLE, INTO ARRAY, or TO FILE.
30:1 warning implicit-private 'my_macro' is implicitly PRIVATE. Explicitly declare it LOCAL or PRIVATE
31:1 warning select-without-into This query has nowhere to put its result, so VFP sends the whole result set to a Browse window at run time. Add INTO CURSOR, INTO TABLE, INTO ARRAY, or TO FILE.
39:1 warning select-without-into This query has nowhere to put its result, so VFP sends the whole result set to a Browse window at run time. Add INTO CURSOR, INTO TABLE, INTO ARRAY, or TO FILE.
43:1 warning implicit-private 'macroB' is implicitly PRIVATE. Explicitly declare it LOCAL or PRIVATE
44:1 warning select-without-into This query has nowhere to put its result, so VFP sends the whole result set to a Browse window at run time. Add INTO CURSOR, INTO TABLE, INTO ARRAY, or TO FILE.
48:1 warning select-without-into This query has nowhere to put its result, so VFP sends the whole result set to a Browse window at run time. Add INTO CURSOR, INTO TABLE, INTO ARRAY, or TO FILE.
49:1 warning select-without-into This query has nowhere to put its result, so VFP sends the whole result set to a Browse window at run time. Add INTO CURSOR, INTO TABLE, INTO ARRAY, or TO FILE.
55:1 warning select-without-into This query has nowhere to put its result, so VFP sends the whole result set to a Browse window at run time. Add INTO CURSOR, INTO TABLE, INTO ARRAY, or TO FILE.
