7:10 error unsupported-syntax This statement is valid FoxPro that the linter does not parse yet, so it is not being checked: '= ON("error")'
10:1 warning implicit-private 'lFlags' is implicitly PRIVATE. Explicitly declare it LOCAL or PRIVATE
10:15 error unsupported-syntax This statement is valid FoxPro that the linter does not parse yet, so it is not being checked: '(mastinfo .creditcard .or. mastinfo .ach, ",0", "")'
13:1 error unsupported-syntax This statement is valid FoxPro that the linter does not parse yet, so it is not being checked: '#REGION 1'
14:1 error unsupported-syntax This statement is valid FoxPro that the linter does not parse yet, so it is not being checked: '#ENDREGION'
17:1 error unsupported-syntax This statement is valid FoxPro that the linter does not parse yet, so it is not being checked: 'REGIONAL m.currarea, m.talkstat, m.compstat'
20:1 error unsupported-syntax This statement is valid FoxPro that the linter does not parse yet, so it is not being checked: 'DOEVENTS'
23:1 error unsupported-syntax This statement is valid FoxPro that the linter does not parse yet, so it is not being checked: 'ERROR 1799'
27:2 error unsupported-syntax This statement is valid FoxPro that the linter does not parse yet, so it is not being checked: '.Click'
