4:1 error unsupported-syntax This statement is valid FoxPro that the linter does not parse yet, so it is not being checked: 'SCATTER MEMVAR'
5:1 error unsupported-syntax This statement is valid FoxPro that the linter does not parse yet, so it is not being checked: 'GATHER MEMVAR'
6:1 error unsupported-syntax This statement is valid FoxPro that the linter does not parse yet, so it is not being checked: 'MODIFY STRUCTURE'
7:1 error unsupported-syntax This statement is valid FoxPro that the linter does not parse yet, so it is not being checked: 'COUNT TO lnN'
8:1 error unsupported-syntax This statement is valid FoxPro that the linter does not parse yet, so it is not being checked: 'AVERAGE nAmount TO lnAvg'
9:1 error unsupported-syntax This statement is valid FoxPro that the linter does not parse yet, so it is not being checked: 'FLUSH'
10:1 error unsupported-syntax This statement is valid FoxPro that the linter does not parse yet, so it is not being checked: 'PUSH KEY'
11:1 error unsupported-syntax This statement is valid FoxPro that the linter does not parse yet, so it is not being checked: 'POP KEY'
12:1 error unsupported-syntax This statement is valid FoxPro that the linter does not parse yet, so it is not being checked: 'EXTERNAL ARRAY laX'
13:1 error unsupported-syntax This statement is valid FoxPro that the linter does not parse yet, so it is not being checked: 'RUN /N notepad.exe'
17:1 error unsupported-syntax This statement is valid FoxPro that the linter does not parse yet, so it is not being checked: 'PARAM MNM, ARR, FLD'
18:1 error unsupported-syntax This statement is valid FoxPro that the linter does not parse yet, so it is not being checked: 'PARAMETER cName'
19:1 error unsupported-syntax This statement is valid FoxPro that the linter does not parse yet, so it is not being checked: 'SCATTER NAME m.RecObj MEMO'
20:1 error unsupported-syntax This statement is valid FoxPro that the linter does not parse yet, so it is not being checked: 'SCATTER MEMO NAME m.OldValues'
21:1 error unsupported-syntax This statement is valid FoxPro that the linter does not parse yet, so it is not being checked: 'GATHER NAME m.RecObj MEMO'
22:1 error unsupported-syntax This statement is valid FoxPro that the linter does not parse yet, so it is not being checked: 'FLUSH FORCE'
23:1 error unsupported-syntax This statement is valid FoxPro that the linter does not parse yet, so it is not being checked: 'MD datalog'
24:1 error unsupported-syntax This statement is valid FoxPro that the linter does not parse yet, so it is not being checked: 'REINDEX'
25:1 error unsupported-syntax This statement is valid FoxPro that the linter does not parse yet, so it is not being checked: 'ALTER TABLE custinfo ADD COLUMN websync l(1)'
26:1 error unsupported-syntax This statement is valid FoxPro that the linter does not parse yet, so it is not being checked: 'COUNT FOR invbal > 0 TO lnOverdue'
27:1 error unsupported-syntax This statement is valid FoxPro that the linter does not parse yet, so it is not being checked: 'CONTINUE'
28:1 error unsupported-syntax This statement is valid FoxPro that the linter does not parse yet, so it is not being checked: 'NODEFAULT'
29:34 error unsupported-syntax This statement is valid FoxPro that the linter does not parse yet, so it is not being checked: 'NOWAIT NOCLEAR'
30:12 error unsupported-syntax This statement is valid FoxPro that the linter does not parse yet, so it is not being checked: 'TO'
