5:1 warning implicit-private 'laRows' is assigned but never declared, so FoxPro creates it as a PRIVATE: it stays visible to everything this file calls, and a mistyped name becomes a new variable rather than an error. Declare it LOCAL to keep it here, or PRIVATE to say the visibility is deliberate.
5:21 error unsupported-syntax This statement is valid FoxPro that the linter does not parse yet, so it is not being checked: ', laCols[2]'
8:1 error unsupported-syntax This statement is valid FoxPro that the linter does not parse yet, so it is not being checked: 'CREATE TABLE t (a C(5), UNIQUE a TAG at)'
9:1 error unsupported-syntax This statement is valid FoxPro that the linter does not parse yet, so it is not being checked: 'CREATE TABLE t2 (a C(5), FOREIGN KEY a TAG at REFERENCES p TAG pt)'
12:1 error unsupported-syntax This statement is valid FoxPro that the linter does not parse yet, so it is not being checked: 'DEFINE WINDOW wOut FROM 1,1 TO 10,40 TITLE "Out"'
13:1 error unsupported-syntax This statement is valid FoxPro that the linter does not parse yet, so it is not being checked: 'ACTIVATE WINDOW wOut'
14:1 error unsupported-syntax This statement is valid FoxPro that the linter does not parse yet, so it is not being checked: 'DEACTIVATE WINDOW wOut'
15:1 error unsupported-syntax This statement is valid FoxPro that the linter does not parse yet, so it is not being checked: 'MOVE WINDOW wOut TO 2, 2'
16:1 error unsupported-syntax This statement is valid FoxPro that the linter does not parse yet, so it is not being checked: 'DEFINE MENU mMain BAR'
17:1 error unsupported-syntax This statement is valid FoxPro that the linter does not parse yet, so it is not being checked: 'DEFINE BAR 1 OF mPop PROMPT "Go"'
18:13 error unsupported-syntax This statement is valid FoxPro that the linter does not parse yet, so it is not being checked: 'BAR 1 OF mPop .t.'
19:1 error unsupported-syntax This statement is valid FoxPro that the linter does not parse yet, so it is not being checked: 'ON SELECTION BAR 1 OF mPop DO Handler'
22:1 error unsupported-syntax This statement is valid FoxPro that the linter does not parse yet, so it is not being checked: 'TOTAL ON stnum TO summary'
23:1 error unsupported-syntax This statement is valid FoxPro that the linter does not parse yet, so it is not being checked: 'JOIN WITH b TO c FOR a.k = b.k'
24:1 error unsupported-syntax This statement is valid FoxPro that the linter does not parse yet, so it is not being checked: 'UPDATE ON stnum FROM other REPLACE invbal WITH other.invbal'
25:1 error unsupported-syntax This statement is valid FoxPro that the linter does not parse yet, so it is not being checked: 'COPY STRUCTURE TO newtbl'
26:12 error unsupported-syntax This statement is valid FoxPro that the linter does not parse yet, so it is not being checked: 'stnum'
27:1 error unsupported-syntax This statement is valid FoxPro that the linter does not parse yet, so it is not being checked: 'BLANK FIELDS invbal'
30:1 error unsupported-syntax This statement is valid FoxPro that the linter does not parse yet, so it is not being checked: 'SAVE TO mem ALL LIKE m_*'
31:1 error unsupported-syntax This statement is valid FoxPro that the linter does not parse yet, so it is not being checked: 'RESTORE FROM mem ADDITIVE'
32:9 warning private-all PRIVATE ALL hides every variable of the caller from this routine and everything it calls. Name the variables it needs to hide, or declare the ones this routine owns as LOCAL.
32:13 error unsupported-syntax This statement is valid FoxPro that the linter does not parse yet, so it is not being checked: 'EXCEPT m_*'
35:1 error unsupported-syntax This statement is valid FoxPro that the linter does not parse yet, so it is not being checked: 'ASSERT lOk MESSAGE "no"'
36:1 error unsupported-syntax This statement is valid FoxPro that the linter does not parse yet, so it is not being checked: 'PLAY MACRO mMac'
