10:2 warning unclosed-transaction This transaction is never closed
19:3 warning unclosed-transaction The transaction from line:16 is still open.
57:3 warning unclosed-transaction The transaction from line:52 is still open.
92:4 warning unclosed-transaction The transaction from line:88 is still open.
