19:1 warning implicit-private 'nAverage' is implicitly PRIVATE. Explicitly declare it LOCAL or PRIVATE
19:1 warning implicit-private 'dLatest' is implicitly PRIVATE. Explicitly declare it LOCAL or PRIVATE
20:1 warning implicit-private 'nOwed' is implicitly PRIVATE. Explicitly declare it LOCAL or PRIVATE
