7:37 warning unused-local 'oResponse' is declared in this file, but never used.
9:7 warning unused-local 'oLastWebSyncError' is declared in this file, but never used.
9:39 warning unused-local 'loPropertySetException' is declared in this file, but never used.
41:2 warning implicit-private 'loCollAddException' is implicitly PRIVATE. Explicitly declare it LOCAL or PRIVATE
