6:1 warning unlinked-tables Nothing relates these tables to each other: CUSTINFO, STMAST. Results in a Cartesian product -- every row of each against every row of the others.
12:1 warning unlinked-tables Nothing relates these tables to each other: INVINFO + SERVADDR, PRODMAST. Results in a Cartesian product -- every row of each against every row of the others.
