7:2 warning missing-memvar-prefix 'stnum' is both a variable and a column name. prefer 'm.stnum' to avoid accidentally updating the column
8:2 warning missing-memvar-prefix 'acctnum' is both a variable and a column name. prefer 'm.acctnum' to avoid accidentally updating the column
17:2 warning missing-memvar-prefix 'invbal' is both a variable and a column name. prefer 'm.invbal' to avoid accidentally updating the column
