6:26 error unsupported-syntax This statement is valid FoxPro that the linter does not parse yet, so it is not being checked: '.To'
7:24 error unsupported-syntax This statement is valid FoxPro that the linter does not parse yet, so it is not being checked: '.From'
8:25 error unsupported-syntax This statement is valid FoxPro that the linter does not parse yet, so it is not being checked: '.Class'
9:25 error unsupported-syntax This statement is valid FoxPro that the linter does not parse yet, so it is not being checked: '.Select'
11:11 error unsupported-syntax This statement is valid FoxPro that the linter does not parse yet, so it is not being checked: '.To = "billing@example.com"'
