5:1 warning implicit-private 'cRecipient' is implicitly PRIVATE. Explicitly declare it LOCAL or PRIVATE
6:1 warning implicit-private 'cSender' is implicitly PRIVATE. Explicitly declare it LOCAL or PRIVATE
7:1 warning implicit-private 'cClassName' is implicitly PRIVATE. Explicitly declare it LOCAL or PRIVATE
8:1 warning implicit-private 'cSelection' is implicitly PRIVATE. Explicitly declare it LOCAL or PRIVATE
