4:10 warning private-all PRIVATE ALL hides every variable of the caller from this routine and everything it calls. Name the variables it needs to hide, or declare the ones this routine owns as LOCAL.
6:2 warning implicit-private 'm_total' is implicitly PRIVATE. Explicitly declare it LOCAL or PRIVATE
7:2 warning implicit-private 'm_count' is implicitly PRIVATE. Explicitly declare it LOCAL or PRIVATE
